Processing ./dist/innovate-0.5.0-py3-none-any.whl
Collecting numpy>=1.24 (from innovate==0.5.0)
  Using cached numpy-2.4.4-cp314-cp314-macosx_14_0_arm64.whl.metadata (6.6 kB)
Collecting scipy>=1.10 (from innovate==0.5.0)
  Using cached scipy-1.17.1-cp314-cp314-macosx_14_0_arm64.whl.metadata (62 kB)
Collecting pandas>=2.0 (from innovate==0.5.0)
  Downloading pandas-3.0.2-cp314-cp314-macosx_11_0_arm64.whl.metadata (79 kB)
Collecting pyarrow>=14.0 (from innovate==0.5.0)
  Downloading pyarrow-24.0.0-cp314-cp314-macosx_12_0_arm64.whl.metadata (3.0 kB)
Collecting statsmodels>=0.14 (from innovate==0.5.0)
  Downloading statsmodels-0.14.6-cp314-cp314-macosx_11_0_arm64.whl.metadata (9.5 kB)
Collecting mesa>=2.0 (from innovate==0.5.0)
  Downloading mesa-3.5.1-py3-none-any.whl.metadata (11 kB)
Collecting networkx>=3.0 (from innovate==0.5.0)
  Downloading networkx-3.6.1-py3-none-any.whl.metadata (6.8 kB)
Collecting ndlib>=5.1 (from innovate==0.5.0)
  Downloading ndlib-5.1.1-py3-none-any.whl.metadata (5.5 kB)
Collecting jitcdde>=1.8 (from innovate==0.5.0)
  Downloading jitcdde-1.8.3-py3-none-any.whl.metadata (2.6 kB)
Collecting sympy>=1.12 (from innovate==0.5.0)
  Downloading sympy-1.14.0-py3-none-any.whl.metadata (12 kB)
Collecting ruptures>=1.1 (from innovate==0.5.0)
  Downloading ruptures-1.1.9.tar.gz (308 kB)
  Installing build dependencies: started
  Installing build dependencies: finished with status 'done'
  Getting requirements to build wheel: started
  Getting requirements to build wheel: finished with status 'done'
  Preparing metadata (pyproject.toml): started
  Preparing metadata (pyproject.toml): finished with status 'done'
Collecting pymannkendall>=1.4 (from innovate==0.5.0)
  Downloading pymannkendall-1.4.3-py3-none-any.whl.metadata (14 kB)
Collecting pytensor>=2.18 (from innovate==0.5.0)
  Downloading pytensor-3.0.0-cp314-cp314-macosx_11_0_arm64.whl.metadata (6.9 kB)
Collecting typing-extensions>=4.7 (from innovate==0.5.0)
  Downloading typing_extensions-4.15.0-py3-none-any.whl.metadata (3.3 kB)
Collecting jitcxde_common>=1.3 (from jitcdde>=1.8->innovate==0.5.0)
  Downloading jitcxde_common-1.5.6-py3-none-any.whl.metadata (1.2 kB)
Collecting chspy>=1.1 (from jitcdde>=1.8->innovate==0.5.0)
  Downloading CHSPy-1.2.3-py3-none-any.whl.metadata (1.1 kB)
Collecting symengine>=0.3.1.dev0 (from jitcdde>=1.8->innovate==0.5.0)
  Downloading symengine-0.14.1-cp311-abi3-macosx_11_0_arm64.whl.metadata (1.3 kB)
Collecting jinja2 (from jitcxde_common>=1.3->jitcdde>=1.8->innovate==0.5.0)
  Downloading jinja2-3.1.6-py3-none-any.whl.metadata (2.9 kB)
Collecting setuptools (from jitcxde_common>=1.3->jitcdde>=1.8->innovate==0.5.0)
  Using cached setuptools-82.0.1-py3-none-any.whl.metadata (6.5 kB)
Collecting pythran>=0.17.0 (from mesa>=2.0->innovate==0.5.0)
  Downloading pythran-0.18.1-py3-none-any.whl.metadata (7.9 kB)
Collecting tqdm (from mesa>=2.0->innovate==0.5.0)
  Downloading tqdm-4.67.3-py3-none-any.whl.metadata (57 kB)
Collecting netdispatch (from ndlib>=5.1->innovate==0.5.0)
  Downloading netdispatch-0.1.0-py3-none-any.whl.metadata (744 bytes)
Collecting python-igraph (from ndlib>=5.1->innovate==0.5.0)
  Downloading python_igraph-1.0.0-py3-none-any.whl.metadata (3.1 kB)
Collecting dynetx (from ndlib>=5.1->innovate==0.5.0)
  Downloading dynetx-0.3.2-py3-none-any.whl.metadata (2.9 kB)
Collecting bokeh (from ndlib>=5.1->innovate==0.5.0)
  Downloading bokeh-3.9.0-py3-none-any.whl.metadata (10 kB)
Collecting future (from ndlib>=5.1->innovate==0.5.0)
  Downloading future-1.0.0-py3-none-any.whl.metadata (4.0 kB)
Collecting python-dateutil>=2.8.2 (from pandas>=2.0->innovate==0.5.0)
  Using cached python_dateutil-2.9.0.post0-py2.py3-none-any.whl.metadata (8.4 kB)
Collecting numba<=0.65.1,>=0.58 (from pytensor>=2.18->innovate==0.5.0)
  Downloading numba-0.65.1-cp314-cp314-macosx_12_0_arm64.whl.metadata (2.9 kB)
Collecting filelock>=3.15 (from pytensor>=2.18->innovate==0.5.0)
  Downloading filelock-3.29.0-py3-none-any.whl.metadata (2.0 kB)
Collecting etuples (from pytensor>=2.18->innovate==0.5.0)
  Downloading etuples-0.3.10-py3-none-any.whl.metadata (4.8 kB)
Collecting logical-unification (from pytensor>=2.18->innovate==0.5.0)
  Downloading logical_unification-0.4.7-py3-none-any.whl.metadata (15 kB)
Collecting miniKanren (from pytensor>=2.18->innovate==0.5.0)
  Downloading minikanren-1.0.5-py3-none-any.whl.metadata (7.6 kB)
Collecting cons (from pytensor>=2.18->innovate==0.5.0)
  Downloading cons-0.4.7-py3-none-any.whl.metadata (3.8 kB)
Collecting llvmlite<0.48,>=0.47.0dev0 (from numba<=0.65.1,>=0.58->pytensor>=2.18->innovate==0.5.0)
  Downloading llvmlite-0.47.0-cp314-cp314-macosx_12_0_arm64.whl.metadata (5.0 kB)
Collecting six>=1.5 (from python-dateutil>=2.8.2->pandas>=2.0->innovate==0.5.0)
  Using cached six-1.17.0-py2.py3-none-any.whl.metadata (1.7 kB)
Collecting ply>=3.4 (from pythran>=0.17.0->mesa>=2.0->innovate==0.5.0)
  Downloading ply-3.11-py2.py3-none-any.whl.metadata (844 bytes)
Collecting gast~=0.6.0 (from pythran>=0.17.0->mesa>=2.0->innovate==0.5.0)
  Downloading gast-0.6.0-py3-none-any.whl.metadata (1.3 kB)
Collecting beniget~=0.4.0 (from pythran>=0.17.0->mesa>=2.0->innovate==0.5.0)
  Downloading beniget-0.4.2.post1-py3-none-any.whl.metadata (820 bytes)
Collecting patsy>=0.5.6 (from statsmodels>=0.14->innovate==0.5.0)
  Downloading patsy-1.0.2-py2.py3-none-any.whl.metadata (3.6 kB)
Collecting packaging>=21.3 (from statsmodels>=0.14->innovate==0.5.0)
  Using cached packaging-26.2-py3-none-any.whl.metadata (3.5 kB)
Collecting mpmath<1.4,>=1.1.0 (from sympy>=1.12->innovate==0.5.0)
  Downloading mpmath-1.3.0-py3-none-any.whl.metadata (8.6 kB)
Collecting contourpy>=1.2 (from bokeh->ndlib>=5.1->innovate==0.5.0)
  Using cached contourpy-1.3.3-cp314-cp314-macosx_11_0_arm64.whl.metadata (5.5 kB)
Collecting narwhals>=1.13 (from bokeh->ndlib>=5.1->innovate==0.5.0)
  Downloading narwhals-2.21.0-py3-none-any.whl.metadata (16 kB)
Collecting pillow>=7.1.0 (from bokeh->ndlib>=5.1->innovate==0.5.0)
  Using cached pillow-12.2.0-cp314-cp314-macosx_11_0_arm64.whl.metadata (8.8 kB)
Collecting PyYAML>=3.10 (from bokeh->ndlib>=5.1->innovate==0.5.0)
  Downloading pyyaml-6.0.3-cp314-cp314-macosx_11_0_arm64.whl.metadata (2.4 kB)
Collecting tornado>=6.2 (from bokeh->ndlib>=5.1->innovate==0.5.0)
  Downloading tornado-6.5.5-cp39-abi3-macosx_10_9_universal2.whl.metadata (2.8 kB)
Collecting xyzservices>=2021.09.1 (from bokeh->ndlib>=5.1->innovate==0.5.0)
  Downloading xyzservices-2026.3.0-py3-none-any.whl.metadata (4.1 kB)
Collecting MarkupSafe>=2.0 (from jinja2->jitcxde_common>=1.3->jitcdde>=1.8->innovate==0.5.0)
  Downloading markupsafe-3.0.3-cp314-cp314-macosx_11_0_arm64.whl.metadata (2.7 kB)
Collecting toolz (from logical-unification->pytensor>=2.18->innovate==0.5.0)
  Downloading toolz-1.1.0-py3-none-any.whl.metadata (5.1 kB)
Collecting multipledispatch (from logical-unification->pytensor>=2.18->innovate==0.5.0)
  Downloading multipledispatch-1.0.0-py3-none-any.whl.metadata (3.8 kB)
Collecting decorator (from dynetx->ndlib>=5.1->innovate==0.5.0)
  Downloading decorator-5.2.1-py3-none-any.whl.metadata (3.9 kB)
Collecting igraph==1.0.0 (from python-igraph->ndlib>=5.1->innovate==0.5.0)
  Downloading igraph-1.0.0-cp39-abi3-macosx_11_0_arm64.whl.metadata (4.4 kB)
Collecting texttable>=1.6.2 (from igraph==1.0.0->python-igraph->ndlib>=5.1->innovate==0.5.0)
  Downloading texttable-1.7.0-py2.py3-none-any.whl.metadata (9.8 kB)
Downloading jitcdde-1.8.3-py3-none-any.whl (36 kB)
Downloading CHSPy-1.2.3-py3-none-any.whl (11 kB)
Downloading jitcxde_common-1.5.6-py3-none-any.whl (16 kB)
Downloading mesa-3.5.1-py3-none-any.whl (275 kB)
Downloading ndlib-5.1.1-py3-none-any.whl (110 kB)
Downloading networkx-3.6.1-py3-none-any.whl (2.1 MB)
   ━━━━━━━━━━━━━━━━━━━━━━━━━━━━━━━━━━━━━━━━ 2.1/2.1 MB 1.2 MB/s  0:00:01
Using cached numpy-2.4.4-cp314-cp314-macosx_14_0_arm64.whl (5.2 MB)
Downloading pandas-3.0.2-cp314-cp314-macosx_11_0_arm64.whl (9.9 MB)
   ━━━━━━━━━━━━━━━━━━━━━━━━━━━━━━━━━━━━━━━━ 9.9/9.9 MB 1.2 MB/s  0:00:07
Downloading pyarrow-24.0.0-cp314-cp314-macosx_12_0_arm64.whl (35.0 MB)
   ━━━━━━━━━━━━━━━━━━━━━━━━━━━━━━━━━━━━━━━━ 35.0/35.0 MB 1.2 MB/s  0:00:29
Downloading pymannkendall-1.4.3-py3-none-any.whl (12 kB)
Downloading pytensor-3.0.0-cp314-cp314-macosx_11_0_arm64.whl (1.7 MB)
   ━━━━━━━━━━━━━━━━━━━━━━━━━━━━━━━━━━━━━━━━ 1.7/1.7 MB 1.2 MB/s  0:00:01
Downloading numba-0.65.1-cp314-cp314-macosx_12_0_arm64.whl (2.7 MB)
   ━━━━━━━━━━━━━━━━━━━━━━━━━━━━━━━━━━━━━━━━ 2.7/2.7 MB 1.3 MB/s  0:00:02
Downloading llvmlite-0.47.0-cp314-cp314-macosx_12_0_arm64.whl (37.2 MB)
   ━━━━━━━━━━━━━━━━━━━━━━━━━━━━━━━━━━━━━━━━ 37.2/37.2 MB 1.2 MB/s  0:00:30
Using cached scipy-1.17.1-cp314-cp314-macosx_14_0_arm64.whl (20.3 MB)
Downloading filelock-3.29.0-py3-none-any.whl (39 kB)
Using cached python_dateutil-2.9.0.post0-py2.py3-none-any.whl (229 kB)
Downloading pythran-0.18.1-py3-none-any.whl (4.4 MB)
   ━━━━━━━━━━━━━━━━━━━━━━━━━━━━━━━━━━━━━━━━ 4.4/4.4 MB 1.2 MB/s  0:00:03
Downloading beniget-0.4.2.post1-py3-none-any.whl (17 kB)
Downloading gast-0.6.0-py3-none-any.whl (21 kB)
Downloading ply-3.11-py2.py3-none-any.whl (49 kB)
Using cached setuptools-82.0.1-py3-none-any.whl (1.0 MB)
Using cached six-1.17.0-py2.py3-none-any.whl (11 kB)
Downloading statsmodels-0.14.6-cp314-cp314-macosx_11_0_arm64.whl (10.0 MB)
   ━━━━━━━━━━━━━━━━━━━━━━━━━━━━━━━━━━━━━━━━ 10.0/10.0 MB 1.2 MB/s  0:00:08
Using cached packaging-26.2-py3-none-any.whl (100 kB)
Downloading patsy-1.0.2-py2.py3-none-any.whl (233 kB)
Downloading symengine-0.14.1-cp311-abi3-macosx_11_0_arm64.whl (23.1 MB)
   ━━━━━━━━━━━━━━━━━━━━━━━━━━━━━━━━━━━━━━━━ 23.1/23.1 MB 1.2 MB/s  0:00:18
Downloading sympy-1.14.0-py3-none-any.whl (6.3 MB)
   ━━━━━━━━━━━━━━━━━━━━━━━━━━━━━━━━━━━━━━━━ 6.3/6.3 MB 1.3 MB/s  0:00:05
Downloading mpmath-1.3.0-py3-none-any.whl (536 kB)
   ━━━━━━━━━━━━━━━━━━━━━━━━━━━━━━━━━━━━━━━━ 536.2/536.2 kB 1.1 MB/s  0:00:00
Downloading typing_extensions-4.15.0-py3-none-any.whl (44 kB)
Downloading bokeh-3.9.0-py3-none-any.whl (6.4 MB)
   ━━━━━━━━━━━━━━━━━━━━━━━━━━━━━━━━━━━━━━━━ 6.4/6.4 MB 1.2 MB/s  0:00:05
Using cached contourpy-1.3.3-cp314-cp314-macosx_11_0_arm64.whl (273 kB)
Downloading jinja2-3.1.6-py3-none-any.whl (134 kB)
Downloading markupsafe-3.0.3-cp314-cp314-macosx_11_0_arm64.whl (12 kB)
Downloading narwhals-2.21.0-py3-none-any.whl (451 kB)
Using cached pillow-12.2.0-cp314-cp314-macosx_11_0_arm64.whl (4.7 MB)
Downloading pyyaml-6.0.3-cp314-cp314-macosx_11_0_arm64.whl (173 kB)
Downloading tornado-6.5.5-cp39-abi3-macosx_10_9_universal2.whl (445 kB)
Downloading xyzservices-2026.3.0-py3-none-any.whl (94 kB)
Downloading cons-0.4.7-py3-none-any.whl (8.6 kB)
Downloading logical_unification-0.4.7-py3-none-any.whl (13 kB)
Downloading dynetx-0.3.2-py3-none-any.whl (39 kB)
Downloading decorator-5.2.1-py3-none-any.whl (9.2 kB)
Downloading etuples-0.3.10-py3-none-any.whl (12 kB)
Downloading future-1.0.0-py3-none-any.whl (491 kB)
Downloading minikanren-1.0.5-py3-none-any.whl (24 kB)
Downloading multipledispatch-1.0.0-py3-none-any.whl (12 kB)
Downloading netdispatch-0.1.0-py3-none-any.whl (3.3 kB)
Downloading python_igraph-1.0.0-py3-none-any.whl (9.2 kB)
Downloading igraph-1.0.0-cp39-abi3-macosx_11_0_arm64.whl (2.0 MB)
   ━━━━━━━━━━━━━━━━━━━━━━━━━━━━━━━━━━━━━━━━ 2.0/2.0 MB 1.2 MB/s  0:00:01
Downloading texttable-1.7.0-py2.py3-none-any.whl (10 kB)
Downloading toolz-1.1.0-py3-none-any.whl (58 kB)
Downloading tqdm-4.67.3-py3-none-any.whl (78 kB)
Building wheels for collected packages: ruptures
  Building wheel for ruptures (pyproject.toml): started
  Building wheel for ruptures (pyproject.toml): finished with status 'done'
  Created wheel for ruptures: filename=ruptures-1.1.9-cp314-cp314-macosx_26_0_arm64.whl size=500227 sha256=ad9cdbd8d20f187c0e78444c799aa04c36d60f6288ec92927094792f7fc9bd84
  Stored in directory: /Users/doughnut/Library/Caches/pip/wheels/d8/a1/81/75799c366aa2b7e51d5e5cec40866220fb8493e9d50b8d2e7e
Successfully built ruptures
Installing collected packages: texttable, ply, multipledispatch, mpmath, xyzservices, typing-extensions, tqdm, tornado, toolz, sympy, symengine, six, setuptools, PyYAML, pyarrow, pillow, packaging, numpy, networkx, narwhals, MarkupSafe, llvmlite, igraph, gast, future, filelock, decorator, scipy, python-igraph, python-dateutil, patsy, numba, logical-unification, jinja2, dynetx, contourpy, chspy, beniget, ruptures, pythran, pymannkendall, pandas, netdispatch, jitcxde_common, cons, bokeh, statsmodels, ndlib, mesa, jitcdde, etuples, miniKanren, pytensor, innovate

Successfully installed MarkupSafe-3.0.3 PyYAML-6.0.3 beniget-0.4.2.post1 bokeh-3.9.0 chspy-1.2.3 cons-0.4.7 contourpy-1.3.3 decorator-5.2.1 dynetx-0.3.2 etuples-0.3.10 filelock-3.29.0 future-1.0.0 gast-0.6.0 igraph-1.0.0 innovate-0.5.0 jinja2-3.1.6 jitcdde-1.8.3 jitcxde_common-1.5.6 llvmlite-0.47.0 logical-unification-0.4.7 mesa-3.5.1 miniKanren-1.0.5 mpmath-1.3.0 multipledispatch-1.0.0 narwhals-2.21.0 ndlib-5.1.1 netdispatch-0.1.0 networkx-3.6.1 numba-0.65.1 numpy-2.4.4 packaging-26.2 pandas-3.0.2 patsy-1.0.2 pillow-12.2.0 ply-3.11 pyarrow-24.0.0 pymannkendall-1.4.3 pytensor-3.0.0 python-dateutil-2.9.0.post0 python-igraph-1.0.0 pythran-0.18.1 ruptures-1.1.9 scipy-1.17.1 setuptools-82.0.1 six-1.17.0 statsmodels-0.14.6 symengine-0.14.1 sympy-1.14.0 texttable-1.7.0 toolz-1.1.0 tornado-6.5.5 tqdm-4.67.3 typing-extensions-4.15.0 xyzservices-2026.3.0
