* using log directory ‘/Users/doughnut/GitHub/innovate/innovate/innovate.R.Rcheck’
* using R version 4.6.0 (2026-04-24)
* using platform: aarch64-apple-darwin25.4.0
* R was compiled by
    Apple clang version 21.0.0 (clang-2100.0.123.102)
    GNU Fortran (Homebrew GCC 15.2.0_1) 15.2.0
* running under: macOS Tahoe 26.3.1
* using session charset: UTF-8
* current time: 2026-05-10 16:24:18 UTC
* using options ‘--no-manual --as-cran’
* checking for file ‘innovate.R/DESCRIPTION’ ... OK
* this is package ‘innovate.R’ version ‘0.5.0’
* package encoding: UTF-8
* checking CRAN incoming feasibility ... [2s/22s] NOTE
Maintainer: ‘Dylan Mordaunt <dylan.mordaunt@vuw.ac.nz>’

New submission
* checking package namespace information ... OK
* checking package dependencies ... OK
* checking if this is a source package ... OK
* checking if there is a namespace ... OK
* checking for executable files ... OK
* checking for hidden files and directories ... OK
* checking for portable file names ... OK
* checking for sufficient/correct file permissions ... OK
* checking serialization versions ... OK
* checking whether package ‘innovate.R’ can be installed ... OK
* checking installed package size ... OK
* checking package directory ... OK
* checking for future file timestamps ... OK
* checking ‘build’ directory ... OK
* checking DESCRIPTION meta-information ... OK
* checking top-level files ... OK
* checking for left-over files ... OK
* checking index information ... OK
* checking package subdirectories ... OK
* checking code files for non-ASCII characters ... OK
* checking R files for syntax errors ... OK
* checking whether the package can be loaded ... OK
* checking whether the package can be loaded with stated dependencies ... OK
* checking whether the package can be unloaded cleanly ... OK
* checking whether the namespace can be loaded with stated dependencies ... OK
* checking whether the namespace can be unloaded cleanly ... OK
* checking loading without being on the library search path ... OK
* checking use of S3 registration ... OK
* checking dependencies in R code ... OK
* checking S3 generic/method consistency ... OK
* checking replacement functions ... OK
* checking foreign function calls ... OK
* checking R code for possible problems ... OK
* checking Rd files ... OK
* checking Rd metadata ... OK
* checking Rd line widths ... OK
* checking Rd cross-references ... OK
* checking for missing documentation entries ... OK
* checking for code/documentation mismatches ... OK
* checking Rd \usage sections ... OK
* checking Rd contents ... OK
* checking for unstated dependencies in examples ... OK
* checking installed files from ‘inst/doc’ ... OK
* checking files in ‘vignettes’ ... OK
* checking examples ... OK
* checking for unstated dependencies in ‘tests’ ... OK
* checking tests ...
  Running ‘run.R’
 OK
* checking for unstated dependencies in vignettes ... OK
* checking package vignettes ... OK
* checking re-building of vignette outputs ... OK
* checking for non-standard things in the check directory ... OK
* checking for detritus in the temp directory ... OK
* DONE

Status: 1 NOTE
See
  ‘/Users/doughnut/GitHub/innovate/innovate/innovate.R.Rcheck/00check.log’
for details.
